<?xml version="1.0" encoding="utf-8"?><testsuites><testsuite name="pytest" errors="0" failures="0" skipped="0" tests="5" time="0.584" timestamp="2022-03-04T23:22:33.596534" hostname="DESKTOP-V8EADQA"><testcase classname="" name="test_create_database" time="0.216" /><testcase classname="" name="test_clients" time="0.001" /><testcase classname="" name="test_orders" time="0.001" /><testcase classname="" name="test_sum_clients" time="0.166" /><testcase classname="" name="test_sum_orders" time="0.136" /></testsuite></testsuites>